// Jest Snapshot v1, https://goo.gl/fbAQLP

exports[`TodoList testing renders correctly 1`] = `
<RCTScrollView
  contentContainerStyle={
    Object {
      "alignItems": "center",
      "justifyContent": "center",
    }
  }
  style={
    Object {
      "flex": 1,
      "width": "100%",
    }
  }
>
  <View />
</RCTScrollView>
`;
